// Jest Snapshot v1, https://goo.gl/fbAQLP

exports[`CommonErrors renders 1`] = `
<div>
  <span>
    Child Element
  </span>
  <div
    class="c-CommonErrors"
  >
    <span>
      ApolloError: error message
    </span>
  </div>
</div>
`;
