// Jest Snapshot v1, https://goo.gl/fbAQLP

exports[`SubHeadingBlock renders 1`] = `
<div>
  <div
    class="c-SubHeadingBlock"
  >
    <h2>
      Heading Block
    </h2>
  </div>
</div>
`;
