// Jest Snapshot v1, https://goo.gl/fbAQLP

exports[`renders 1`] = `
<div>
  <button
    class="c-CommonButton   "
    type="button"
  >
    common button
  </button>
</div>
`;
