// Jest Snapshot v1, https://goo.gl/fbAQLP

exports[`Footer renders correctly 1`] = `
<footer
  className="mt-16 bg-neutral-100 py-8 text-neutral-700"
>
  <div
    className="container"
  >
    <p>
      Copyright 
      2022
    </p>
  </div>
</footer>
`;
