// Jest Snapshot v1, https://goo.gl/fbAQLP

exports[`renders learn test 1`] = `
<div>
  testing?
</div>
`;
