// Jest Snapshot v1, https://goo.gl/fbAQLP

exports[`CommonBreadcrumb renders 1`] = `
<div>
  <nav
    class="c-CommonBreadcrumb"
    role="navigation"
  >
    <a
      class="c-CommonBreadcrumb__Link c-CommonBreadcrumb__Link_active"
      href="/"
    >
      Accueil
    </a>
    <a
      class="c-CommonBreadcrumb__Link c-CommonBreadcrumb__Link_active"
      href="actualites"
    >
      Actualit√©s
    </a>
    <span
      class="c-CommonBreadcrumb__Link"
    >
      Semaine initiatives vertes
    </span>
  </nav>
</div>
`;
