// Jest Snapshot v1, https://goo.gl/fbAQLP

exports[`Video Block renders 1`] = `
<div>
  <span
    class="c-VideoBlock__BadUrl"
  >
    L'URL de la vid√©o est invalide
  </span>
</div>
`;
