// Jest Snapshot v1, https://goo.gl/fbAQLP

exports[`HorizontalRuleBlock renders 1`] = `
<div>
  <div
    class="c-HorizontalRuleBlock"
  />
</div>
`;
