// Jest Snapshot v1, https://goo.gl/fbAQLP

exports[`CommonPagination renders 1`] = `
<div>
  <div
    class="c-CommonPagination c-CommonPagination_hasRowsPerPage"
  >
    <div
      class="c-CommonPagination__RowsPerPage"
    >
      <select
        class="c-CommonPagination__Select"
        id="rowsPerPage"
        name="rowsPerPage"
      >
        <option
          selected=""
          value="10"
        >
          10
        </option>
        <option
          value="20"
        >
          20
        </option>
        <option
          value="50"
        >
          50
        </option>
        <option
          value="100"
        >
          100
        </option>
      </select>
      <span
        class="c-CommonPagination__Label"
      >
        Entr√©es par page
      </span>
    </div>
    <nav
      class="c-CommonPagination__Navigation"
    >
      <div
        class="c-CommonPagination__Backward c-CommonPagination__Backward_disabled"
      >
        <button
          class="c-CommonPagination__Button c-CommonPagination__Button_arrowTo c-CommonPagination__Button_reverse"
          disabled=""
          type="button"
        />
        <button
          class="c-CommonPagination__Button c-CommonPagination__Button_arrow c-CommonPagination__Button_reverse"
          disabled=""
          type="button"
        />
      </div>
      <div
        class="c-CommonPagination__Pages"
      >
        <button
          class="c-CommonPagination__Page c-CommonPagination__Page_active"
        >
          1
        </button>
        <button
          class="c-CommonPagination__Page"
        >
          2
        </button>
        <button
          class="c-CommonPagination__Page"
        >
          3
        </button>
      </div>
      <div
        class="c-CommonPagination__Forward"
      >
        <button
          class="c-CommonPagination__Button c-CommonPagination__Button_arrow"
          type="button"
        />
        <button
          class="c-CommonPagination__Button c-CommonPagination__Button_arrowTo"
          type="button"
        />
      </div>
    </nav>
  </div>
</div>
`;
