// Jest Snapshot v1, https://goo.gl/fbAQLP

exports[`AutocompleteAddress renders 1`] = `
<div>
  <div
    class="c-AutocompleteAddress"
  >
    <div
      class="c-AutocompleteAddress__Container"
    >
      <label
        class="c-AutocompleteAddress__Label"
        for="common autocomplete"
      >
        common autocomplete
         *
      </label>
      <input
        class="c-AutocompleteAddress__Input"
        name="common autocomplete"
        placeholder="common autocomplete"
        type="text"
        value="common"
      />
      <div
        class="c-AutocompleteAddress__Selector"
      >
        <button
          class="c-AutocompleteAddress__Option"
        >
          common autocomplete 1
        </button>
        <button
          class="c-AutocompleteAddress__Option"
        >
          common autocomplete 2
        </button>
      </div>
    </div>
  </div>
</div>
`;
